../../Middlewares/ST/touchgfx/framework/include/touchgfx/Screen.hpp:104:18:virtual void touchgfx::Screen::afterTransition()	0	static
../../Middlewares/ST/touchgfx/framework/include/touchgfx/Screen.hpp:144:18:virtual void touchgfx::Screen::handleTickEvent()	0	static
../../Middlewares/ST/touchgfx/framework/include/touchgfx/Screen.hpp:154:18:virtual void touchgfx::Screen::handleKeyEvent(uint8_t)	0	static
../../TouchGFX/gui/include/gui/screen3_screen/Screen3View.hpp:11:13:Screen3View::~Screen3View()	0	static
D:/TouchGFXProjects/ECG_SDCard_Display/TouchGFX/gui/src/screen3_screen/Screen3View.cpp:13:6:virtual void Screen3View::tearDownScreen()	0	static
D:/TouchGFXProjects/ECG_SDCard_Display/TouchGFX/gui/src/screen3_screen/Screen3View.cpp:8:6:virtual void Screen3View::setupScreen()	0	static
../../TouchGFX/gui/include/gui/screen3_screen/Screen3View.hpp:11:13:virtual Screen3View::~Screen3View()	8	static
D:/TouchGFXProjects/ECG_SDCard_Display/TouchGFX/gui/src/screen3_screen/Screen3View.cpp:3:1:Screen3View::Screen3View()	8	static
D:/TouchGFXProjects/ECG_SDCard_Display/TouchGFX/gui/src/screen3_screen/Screen3View.cpp:17:6:void Screen3View::UpdateGraph(uint16_t)	0	static
