D:/TouchGFXProjects/ECG_SDCard_Display/Core/Src/stm32f7xx_hal_msp.c:67:6:HAL_MspInit	8	static
D:/TouchGFXProjects/ECG_SDCard_Display/Core/Src/stm32f7xx_hal_msp.c:91:6:HAL_CRC_MspInit	8	static
D:/TouchGFXProjects/ECG_SDCard_Display/Core/Src/stm32f7xx_hal_msp.c:113:6:HAL_CRC_MspDeInit	0	static
D:/TouchGFXProjects/ECG_SDCard_Display/Core/Src/stm32f7xx_hal_msp.c:135:6:HAL_DMA2D_MspInit	16	static
D:/TouchGFXProjects/ECG_SDCard_Display/Core/Src/stm32f7xx_hal_msp.c:160:6:HAL_DMA2D_MspDeInit	0	static
D:/TouchGFXProjects/ECG_SDCard_Display/Core/Src/stm32f7xx_hal_msp.c:185:6:HAL_DSI_MspInit	40	static
D:/TouchGFXProjects/ECG_SDCard_Display/Core/Src/stm32f7xx_hal_msp.c:223:6:HAL_DSI_MspDeInit	8	static
D:/TouchGFXProjects/ECG_SDCard_Display/Core/Src/stm32f7xx_hal_msp.c:253:6:HAL_I2C_MspInit	200	static
D:/TouchGFXProjects/ECG_SDCard_Display/Core/Src/stm32f7xx_hal_msp.c:310:6:HAL_I2C_MspDeInit	8	static
D:/TouchGFXProjects/ECG_SDCard_Display/Core/Src/stm32f7xx_hal_msp.c:343:6:HAL_LTDC_MspInit	160	static
D:/TouchGFXProjects/ECG_SDCard_Display/Core/Src/stm32f7xx_hal_msp.c:384:6:HAL_LTDC_MspDeInit	0	static
D:/TouchGFXProjects/ECG_SDCard_Display/Core/Src/stm32f7xx_hal_msp.c:409:6:HAL_QSPI_MspInit	64	static
D:/TouchGFXProjects/ECG_SDCard_Display/Core/Src/stm32f7xx_hal_msp.c:482:6:HAL_QSPI_MspDeInit	8	static
D:/TouchGFXProjects/ECG_SDCard_Display/Core/Src/stm32f7xx_hal_msp.c:523:6:HAL_SD_MspInit	208	static
D:/TouchGFXProjects/ECG_SDCard_Display/Core/Src/stm32f7xx_hal_msp.c:637:6:HAL_SD_MspDeInit	8	static
D:/TouchGFXProjects/ECG_SDCard_Display/Core/Src/stm32f7xx_hal_msp.c:804:6:HAL_SDRAM_MspInit	48	static
D:/TouchGFXProjects/ECG_SDCard_Display/Core/Src/stm32f7xx_hal_msp.c:912:6:HAL_SDRAM_MspDeInit	8	static
D:/TouchGFXProjects/ECG_SDCard_Display/Core/Src/stm32f7xx_hal_msp.c:932:6:BSP_QSPI_MspInit	0	static
D:/TouchGFXProjects/ECG_SDCard_Display/Core/Src/stm32f7xx_hal_msp.c:946:6:BSP_QSPI_MspDeInit	0	static
D:/TouchGFXProjects/ECG_SDCard_Display/Core/Src/stm32f7xx_hal_msp.c:959:6:BSP_SDRAM_MspInit	0	static
D:/TouchGFXProjects/ECG_SDCard_Display/Core/Src/stm32f7xx_hal_msp.c:972:6:BSP_SDRAM_MspDeInit	0	static
