D:/TouchGFXProjects/ECG_SDCard_Display/Core/Src/stm32f7xx_it.c:80:6:NMI_Handler	0	static
D:/TouchGFXProjects/ECG_SDCard_Display/Core/Src/stm32f7xx_it.c:93:6:HardFault_Handler	0	static
D:/TouchGFXProjects/ECG_SDCard_Display/Core/Src/stm32f7xx_it.c:108:6:MemManage_Handler	0	static
D:/TouchGFXProjects/ECG_SDCard_Display/Core/Src/stm32f7xx_it.c:123:6:BusFault_Handler	0	static
D:/TouchGFXProjects/ECG_SDCard_Display/Core/Src/stm32f7xx_it.c:138:6:UsageFault_Handler	0	static
D:/TouchGFXProjects/ECG_SDCard_Display/Core/Src/stm32f7xx_it.c:153:6:DebugMon_Handler	0	static
D:/TouchGFXProjects/ECG_SDCard_Display/Core/Src/stm32f7xx_it.c:173:6:TIM6_DAC_IRQHandler	0	static
D:/TouchGFXProjects/ECG_SDCard_Display/Core/Src/stm32f7xx_it.c:187:6:DMA2_Stream0_IRQHandler	0	static
D:/TouchGFXProjects/ECG_SDCard_Display/Core/Src/stm32f7xx_it.c:201:6:DMA2_Stream5_IRQHandler	0	static
D:/TouchGFXProjects/ECG_SDCard_Display/Core/Src/stm32f7xx_it.c:215:6:LTDC_IRQHandler	8	static
D:/TouchGFXProjects/ECG_SDCard_Display/Core/Src/stm32f7xx_it.c:231:6:DMA2D_IRQHandler	0	static
D:/TouchGFXProjects/ECG_SDCard_Display/Core/Src/stm32f7xx_it.c:245:6:I2C4_EV_IRQHandler	0	static
D:/TouchGFXProjects/ECG_SDCard_Display/Core/Src/stm32f7xx_it.c:259:6:DSI_IRQHandler	0	static
D:/TouchGFXProjects/ECG_SDCard_Display/Core/Src/stm32f7xx_it.c:273:6:SDMMC2_IRQHandler	0	static
