../../Middlewares/ST/touchgfx/framework/include/touchgfx/hal/HAL.hpp:124:18:virtual void touchgfx::HAL::setDisplayOrientation(touchgfx::DisplayOrientation)	0	static
../../Middlewares/ST/touchgfx/framework/include/touchgfx/hal/HAL.hpp:648:18:virtual bool touchgfx::HAL::sampleKey(uint8_t&)	0	static
../../Middlewares/ST/touchgfx/framework/include/touchgfx/hal/HAL.hpp:714:18:virtual void touchgfx::HAL::setAnimationStorage(void*)	0	static
../../Middlewares/ST/touchgfx/framework/include/touchgfx/hal/HAL.hpp:853:30:virtual touchgfx::FlashDataReader* touchgfx::HAL::getFlashDataReader() const	0	static
../../Middlewares/ST/touchgfx/framework/include/touchgfx/hal/HAL.hpp:1002:18:virtual void touchgfx::HAL::taskDelay(uint16_t)	0	static
../../Middlewares/ST/touchgfx/framework/include/touchgfx/hal/HAL.hpp:1029:22:virtual uint16_t touchgfx::HAL::getTFTCurrentLine()	0	static
../../Middlewares/ST/touchgfx/framework/include/touchgfx/hal/HAL.hpp:1040:21:virtual touchgfx::DMAType touchgfx::HAL::getDMAType()	0	static
../../Drivers/CMSIS/Include/core_cm7.h:2427:22:void SCB_CleanInvalidateDCache()	16	static,ignoring_inline_asm
D:/TouchGFXProjects/ECG_SDCard_Display/TouchGFX/target/generated/TouchGFXGeneratedHAL.cpp:34:6:virtual void TouchGFXGeneratedHAL::configureInterrupts()	0	static
D:/TouchGFXProjects/ECG_SDCard_Display/TouchGFX/target/generated/TouchGFXGeneratedHAL.cpp:39:6:virtual void TouchGFXGeneratedHAL::enableInterrupts()	0	static
D:/TouchGFXProjects/ECG_SDCard_Display/TouchGFX/target/generated/TouchGFXGeneratedHAL.cpp:49:6:virtual void TouchGFXGeneratedHAL::enableLCDControllerInterrupt()	0	static
D:/TouchGFXProjects/ECG_SDCard_Display/TouchGFX/target/generated/TouchGFXGeneratedHAL.cpp:70:11:virtual uint16_t* TouchGFXGeneratedHAL::getTFTFrameBuffer() const	0	static
D:/TouchGFXProjects/ECG_SDCard_Display/TouchGFX/target/generated/TouchGFXGeneratedHAL.cpp:76:6:virtual void TouchGFXGeneratedHAL::setTFTFrameBuffer(uint16_t*)	0	static
D:/TouchGFXProjects/ECG_SDCard_Display/TouchGFX/target/generated/TouchGFXGeneratedHAL.cpp:99:6:virtual void TouchGFXGeneratedHAL::InvalidateCache()	0	static
../../TouchGFX/target/generated/TouchGFXGeneratedHAL.hpp:30:7:TouchGFXGeneratedHAL::~TouchGFXGeneratedHAL()	0	static
D:/TouchGFXProjects/ECG_SDCard_Display/TouchGFX/target/generated/TouchGFXGeneratedHAL.cpp:27:6:virtual void TouchGFXGeneratedHAL::initialize()	16	static
D:/TouchGFXProjects/ECG_SDCard_Display/TouchGFX/target/generated/TouchGFXGeneratedHAL.cpp:53:6:virtual bool TouchGFXGeneratedHAL::beginFrame()	0	static
D:/TouchGFXProjects/ECG_SDCard_Display/TouchGFX/target/generated/TouchGFXGeneratedHAL.cpp:58:6:virtual void TouchGFXGeneratedHAL::endFrame()	0	static
D:/TouchGFXProjects/ECG_SDCard_Display/TouchGFX/target/generated/TouchGFXGeneratedHAL.cpp:81:6:virtual void TouchGFXGeneratedHAL::flushFrameBuffer(const touchgfx::Rect&)	8	static
D:/TouchGFXProjects/ECG_SDCard_Display/TouchGFX/target/generated/TouchGFXGeneratedHAL.cpp:94:6:virtual bool TouchGFXGeneratedHAL::blockCopy(void*, const void*, uint32_t)	0	static
../../Middlewares/ST/touchgfx/framework/include/touchgfx/hal/HAL.hpp:616:18:virtual void touchgfx::HAL::backPorchExited()	8	static
../../TouchGFX/target/generated/TouchGFXGeneratedHAL.hpp:106:18:virtual void TouchGFXGeneratedHAL::flushFrameBuffer()	0	static
../../TouchGFX/target/generated/TouchGFXGeneratedHAL.hpp:30:7:virtual TouchGFXGeneratedHAL::~TouchGFXGeneratedHAL()	8	static
../../Middlewares/ST/touchgfx/framework/include/touchgfx/hal/HAL.hpp:298:28:virtual touchgfx::BlitOperations touchgfx::HAL::getBlitCaps()	0	static
../../Middlewares/ST/touchgfx/framework/include/touchgfx/hal/HAL.hpp:1150:18:virtual void touchgfx::HAL::performDisplayOrientationChange()	8	static
../../Middlewares/ST/touchgfx/framework/include/touchgfx/hal/HAL.hpp:697:18:virtual void touchgfx::HAL::setFrameBufferStartAddresses(void*, void*, void*)	16	static
../../Middlewares/ST/touchgfx/framework/include/touchgfx/hal/HAL.hpp:156:18:virtual void touchgfx::HAL::setFrameBufferSize(uint16_t, uint16_t)	8	static
D:/TouchGFXProjects/ECG_SDCard_Display/TouchGFX/target/generated/TouchGFXGeneratedHAL.cpp:44:6:virtual void TouchGFXGeneratedHAL::disableInterrupts()	0	static,ignoring_inline_asm
