../../Middlewares/ST/touchgfx/framework/include/common/Partition.hpp:58:22:uint16_t touchgfx::Partition<ListOfTypes, NUMBER_OF_ELEMENTS>::capacity() const [with ListOfTypes = touchgfx::meta::TypeList<touchgfx::SlideTransition<touchgfx::EAST>, touchgfx::meta::TypeList<touchgfx::meta::Nil, touchgfx::meta::Nil> >; short unsigned int NUMBER_OF_ELEMENTS = 1]	0	static
../../Middlewares/ST/touchgfx/framework/include/common/Partition.hpp:63:22:uint32_t touchgfx::Partition<ListOfTypes, NUMBER_OF_ELEMENTS>::element_size() [with ListOfTypes = touchgfx::meta::TypeList<touchgfx::SlideTransition<touchgfx::EAST>, touchgfx::meta::TypeList<touchgfx::meta::Nil, touchgfx::meta::Nil> >; short unsigned int NUMBER_OF_ELEMENTS = 1]	0	static
../../Middlewares/ST/touchgfx/framework/include/common/Partition.hpp:69:19:void* touchgfx::Partition<ListOfTypes, NUMBER_OF_ELEMENTS>::element(uint16_t) [with ListOfTypes = touchgfx::meta::TypeList<touchgfx::SlideTransition<touchgfx::EAST>, touchgfx::meta::TypeList<touchgfx::meta::Nil, touchgfx::meta::Nil> >; short unsigned int NUMBER_OF_ELEMENTS = 1]	0	static
../../Middlewares/ST/touchgfx/framework/include/common/Partition.hpp:74:25:const void* touchgfx::Partition<ListOfTypes, NUMBER_OF_ELEMENTS>::element(uint16_t) const [with ListOfTypes = touchgfx::meta::TypeList<touchgfx::SlideTransition<touchgfx::EAST>, touchgfx::meta::TypeList<touchgfx::meta::Nil, touchgfx::meta::Nil> >; short unsigned int NUMBER_OF_ELEMENTS = 1]	0	static
../../Middlewares/ST/touchgfx/framework/include/common/Partition.hpp:58:22:uint16_t touchgfx::Partition<ListOfTypes, NUMBER_OF_ELEMENTS>::capacity() const [with ListOfTypes = touchgfx::meta::TypeList<Screen3View, touchgfx::meta::TypeList<touchgfx::meta::Nil, touchgfx::meta::Nil> >; short unsigned int NUMBER_OF_ELEMENTS = 1]	0	static
../../Middlewares/ST/touchgfx/framework/include/common/Partition.hpp:63:22:uint32_t touchgfx::Partition<ListOfTypes, NUMBER_OF_ELEMENTS>::element_size() [with ListOfTypes = touchgfx::meta::TypeList<Screen3View, touchgfx::meta::TypeList<touchgfx::meta::Nil, touchgfx::meta::Nil> >; short unsigned int NUMBER_OF_ELEMENTS = 1]	0	static
../../Middlewares/ST/touchgfx/framework/include/common/Partition.hpp:69:19:void* touchgfx::Partition<ListOfTypes, NUMBER_OF_ELEMENTS>::element(uint16_t) [with ListOfTypes = touchgfx::meta::TypeList<Screen3View, touchgfx::meta::TypeList<touchgfx::meta::Nil, touchgfx::meta::Nil> >; short unsigned int NUMBER_OF_ELEMENTS = 1]	0	static
../../Middlewares/ST/touchgfx/framework/include/common/Partition.hpp:74:25:const void* touchgfx::Partition<ListOfTypes, NUMBER_OF_ELEMENTS>::element(uint16_t) const [with ListOfTypes = touchgfx::meta::TypeList<Screen3View, touchgfx::meta::TypeList<touchgfx::meta::Nil, touchgfx::meta::Nil> >; short unsigned int NUMBER_OF_ELEMENTS = 1]	0	static
../../Middlewares/ST/touchgfx/framework/include/common/Partition.hpp:58:22:uint16_t touchgfx::Partition<ListOfTypes, NUMBER_OF_ELEMENTS>::capacity() const [with ListOfTypes = touchgfx::meta::TypeList<Screen3Presenter, touchgfx::meta::TypeList<touchgfx::meta::Nil, touchgfx::meta::Nil> >; short unsigned int NUMBER_OF_ELEMENTS = 1]	0	static
../../Middlewares/ST/touchgfx/framework/include/common/Partition.hpp:63:22:uint32_t touchgfx::Partition<ListOfTypes, NUMBER_OF_ELEMENTS>::element_size() [with ListOfTypes = touchgfx::meta::TypeList<Screen3Presenter, touchgfx::meta::TypeList<touchgfx::meta::Nil, touchgfx::meta::Nil> >; short unsigned int NUMBER_OF_ELEMENTS = 1]	0	static
../../Middlewares/ST/touchgfx/framework/include/common/Partition.hpp:69:19:void* touchgfx::Partition<ListOfTypes, NUMBER_OF_ELEMENTS>::element(uint16_t) [with ListOfTypes = touchgfx::meta::TypeList<Screen3Presenter, touchgfx::meta::TypeList<touchgfx::meta::Nil, touchgfx::meta::Nil> >; short unsigned int NUMBER_OF_ELEMENTS = 1]	0	static
../../Middlewares/ST/touchgfx/framework/include/common/Partition.hpp:74:25:const void* touchgfx::Partition<ListOfTypes, NUMBER_OF_ELEMENTS>::element(uint16_t) const [with ListOfTypes = touchgfx::meta::TypeList<Screen3Presenter, touchgfx::meta::TypeList<touchgfx::meta::Nil, touchgfx::meta::Nil> >; short unsigned int NUMBER_OF_ELEMENTS = 1]	0	static
../../TouchGFX/generated/gui_generated/include/gui_generated/common/FrontendHeapBase.hpp:85:18:virtual void FrontendHeapBase::gotoStartScreen(FrontendApplication&)	0	static
../../Middlewares/ST/touchgfx/framework/include/common/Partition.hpp:42:7:touchgfx::Partition<touchgfx::meta::TypeList<touchgfx::SlideTransition<touchgfx::EAST>, touchgfx::meta::TypeList<touchgfx::meta::Nil, touchgfx::meta::Nil> >, 1>::~Partition()	8	static
../../Middlewares/ST/touchgfx/framework/include/common/Partition.hpp:42:7:virtual touchgfx::Partition<touchgfx::meta::TypeList<touchgfx::SlideTransition<touchgfx::EAST>, touchgfx::meta::TypeList<touchgfx::meta::Nil, touchgfx::meta::Nil> >, 1>::~Partition()	8	static
../../Middlewares/ST/touchgfx/framework/include/common/Partition.hpp:42:7:touchgfx::Partition<touchgfx::meta::TypeList<Screen3View, touchgfx::meta::TypeList<touchgfx::meta::Nil, touchgfx::meta::Nil> >, 1>::~Partition()	8	static
../../Middlewares/ST/touchgfx/framework/include/common/Partition.hpp:42:7:virtual touchgfx::Partition<touchgfx::meta::TypeList<Screen3View, touchgfx::meta::TypeList<touchgfx::meta::Nil, touchgfx::meta::Nil> >, 1>::~Partition()	8	static
../../Middlewares/ST/touchgfx/framework/include/common/Partition.hpp:42:7:touchgfx::Partition<touchgfx::meta::TypeList<Screen3Presenter, touchgfx::meta::TypeList<touchgfx::meta::Nil, touchgfx::meta::Nil> >, 1>::~Partition()	8	static
../../Middlewares/ST/touchgfx/framework/include/common/Partition.hpp:42:7:virtual touchgfx::Partition<touchgfx::meta::TypeList<Screen3Presenter, touchgfx::meta::TypeList<touchgfx::meta::Nil, touchgfx::meta::Nil> >, 1>::~Partition()	8	static
../../TouchGFX/gui/include/gui/common/FrontendHeap.hpp:6:7:FrontendHeap::~FrontendHeap()	8	static
../../TouchGFX/gui/include/gui/common/FrontendHeap.hpp:56:29:void __tcf_0()	8	static
../../TouchGFX/gui/include/gui/common/FrontendHeap.hpp:6:7:virtual FrontendHeap::~FrontendHeap()	8	static
D:/TouchGFXProjects/ECG_SDCard_Display/TouchGFX/target/generated/TouchGFXConfiguration.cpp:41:6:void touchgfx_init()	32	static
D:/TouchGFXProjects/ECG_SDCard_Display/TouchGFX/target/generated/TouchGFXConfiguration.cpp:61:6:void touchgfx_components_init()	0	static
D:/TouchGFXProjects/ECG_SDCard_Display/TouchGFX/target/generated/TouchGFXConfiguration.cpp:65:6:void touchgfx_taskEntry()	0	static
D:/TouchGFXProjects/ECG_SDCard_Display/TouchGFX/target/generated/TouchGFXConfiguration.cpp:74:1:cpp)	16	static
D:/TouchGFXProjects/ECG_SDCard_Display/TouchGFX/target/generated/TouchGFXConfiguration.cpp:74:1:cpp)	0	static
