D:/TouchGFXProjects/ECG_SDCard_Display/TouchGFX/generated/texts/src/TypedTextDatabase.cpp:39:43:const touchgfx::TypedText::TypedTextData* TypedTextDatabase::getInstance(touchgfx::LanguageId)	0	static
D:/TouchGFXProjects/ECG_SDCard_Display/TouchGFX/generated/texts/src/TypedTextDatabase.cpp:44:10:uint16_t TypedTextDatabase::getInstanceSize()	0	static
D:/TouchGFXProjects/ECG_SDCard_Display/TouchGFX/generated/texts/src/TypedTextDatabase.cpp:49:24:const touchgfx::Font** TypedTextDatabase::getFonts()	0	static
D:/TouchGFXProjects/ECG_SDCard_Display/TouchGFX/generated/texts/src/TypedTextDatabase.cpp:54:23:const touchgfx::Font* TypedTextDatabase::setFont(touchgfx::FontId, const touchgfx::Font*)	0	static
D:/TouchGFXProjects/ECG_SDCard_Display/TouchGFX/generated/texts/src/TypedTextDatabase.cpp:61:6:void TypedTextDatabase::resetFont(touchgfx::FontId)	8	static
D:/TouchGFXProjects/ECG_SDCard_Display/TouchGFX/generated/texts/src/TypedTextDatabase.cpp:76:1:cpp)	8	static
